[2026-09-14 04:12:27] testing.ERROR: Audit unavailable {"userId":1,"exception":"[object] (RuntimeException(code: 0): Audit unavailable at C:/Users/Administrator/Documents/BRIN/Project Apps/DSJS/backend/tests/Feature/AdminSecurityRegressionTest.php:59)
[stacktrace]
#0 C:/Users/Administrator/Documents/BRIN/Project Apps/DSJS/backend/vendor/mockery/mockery/library/Mockery/Container.php(421): Tests/Feature/AdminSecurityRegressionTest->Tests/Feature/{closure}(Object(Mockery_3_App_Services_AuditService))
#1 C:/Users/Administrator/Documents/BRIN/Project Apps/DSJS/backend/vendor/mockery/mockery/library/Mockery.php(477): Mockery/Container->mock('App//Services//Au...', Object(Closure))
#2 C:/Users/Administrator/Documents/BRIN/Project Apps/DSJS/backend/vendor/laravel/framework/src/Illuminate/Foundation/Testing/Concerns/InteractsWithContainer.php(77): Mockery::mock('App//Services//Au...', Object(Closure))
#3 C:/Users/Administrator/Documents/BRIN/Project Apps/DSJS/backend/tests/Feature/AdminSecurityRegressionTest.php(58): Illuminate/Foundation/Testing/TestCase->mock('App//Services//Au...', Object(Closure))
#4 C:/Users/Administrator/Documents/BRIN/Project Apps/DSJS/backend/vendor/phpunit/phpunit/src/Framework/TestCase.php(1667): Tests/Feature/AdminSecurityRegressionTest->test_user_update_rolls_back_when_audit_fails()
#5 C:/Users/Administrator/Documents/BRIN/Project Apps/DSJS/backend/vendor/phpunit/phpunit/src/Framework/TestCase.php(519): PHPUnit/Framework/TestCase->runTest()
#6 C:/Users/Administrator/Documents/BRIN/Project Apps/DSJS/backend/vendor/phpunit/phpunit/src/Framework/TestRunner/TestRunner.php(87): PHPUnit/Framework/TestCase->runBare()
#7 C:/Users/Administrator/Documents/BRIN/Project Apps/DSJS/backend/vendor/phpunit/phpunit/src/Framework/TestCase.php(365): PHPUnit/Framework/TestRunner->run(Object(Tests/Feature/AdminSecurityRegressionTest))
#8 C:/Users/Administrator/Documents/BRIN/Project Apps/DSJS/backend/vendor/phpunit/phpunit/src/Framework/TestSuite.php(369): PHPUnit/Framework/TestCase->run()
#9 C:/Users/Administrator/Documents/BRIN/Project Apps/DSJS/backend/vendor/phpunit/phpunit/src/Framework/TestSuite.php(369): PHPUnit/Framework/TestSuite->run()
#10 C:/Users/Administrator/Documents/BRIN/Project Apps/DSJS/backend/vendor/phpunit/phpunit/src/Framework/TestSuite.php(369): PHPUnit/Framework/TestSuite->run()
#11 C:/Users/Administrator/Documents/BRIN/Project Apps/DSJS/backend/vendor/phpunit/phpunit/src/TextUI/TestRunner.php(64): PHPUnit/Framework/TestSuite->run()
#12 C:/Users/Administrator/Documents/BRIN/Project Apps/DSJS/backend/vendor/phpunit/phpunit/src/TextUI/Application.php(211): PHPUnit/TextUI/TestRunner->run(Object(PHPUnit/TextUI/Configuration/Configuration), Object(PHPUnit/Runner/ResultCache/DefaultResultCache), Object(PHPUnit/Framework/TestSuite))
#13 C:/Users/Administrator/Documents/BRIN/Project Apps/DSJS/backend/vendor/phpunit/phpunit/phpunit(104): PHPUnit/TextUI/Application->run(Array)
#14 {main}
"} 
[2026-09-14 04:12:27] testing.ERROR: Audit unavailable {"userId":1,"exception":"[object] (RuntimeException(code: 0): Audit unavailable at C:/Users/Administrator/Documents/BRIN/Project Apps/DSJS/backend/tests/Feature/AdminSecurityRegressionTest.php:59)
[stacktrace]
#0 C:/Users/Administrator/Documents/BRIN/Project Apps/DSJS/backend/vendor/mockery/mockery/library/Mockery/Container.php(421): Tests/Feature/AdminSecurityRegressionTest->Tests/Feature/{closure}(Object(Mockery_3_App_Services_AuditService))
#1 C:/Users/Administrator/Documents/BRIN/Project Apps/DSJS/backend/vendor/mockery/mockery/library/Mockery.php(477): Mockery/Container->mock('App//Services//Au...', Object(Closure))
#2 C:/Users/Administrator/Documents/BRIN/Project Apps/DSJS/backend/vendor/laravel/framework/src/Illuminate/Foundation/Testing/Concerns/InteractsWithContainer.php(77): Mockery::mock('App//Services//Au...', Object(Closure))
#3 C:/Users/Administrator/Documents/BRIN/Project Apps/DSJS/backend/tests/Feature/AdminSecurityRegressionTest.php(58): Illuminate/Foundation/Testing/TestCase->mock('App//Services//Au...', Object(Closure))
#4 C:/Users/Administrator/Documents/BRIN/Project Apps/DSJS/backend/vendor/phpunit/phpunit/src/Framework/TestCase.php(1667): Tests/Feature/AdminSecurityRegressionTest->test_user_update_rolls_back_when_audit_fails()
#5 C:/Users/Administrator/Documents/BRIN/Project Apps/DSJS/backend/vendor/phpunit/phpunit/src/Framework/TestCase.php(519): PHPUnit/Framework/TestCase->runTest()
#6 C:/Users/Administrator/Documents/BRIN/Project Apps/DSJS/backend/vendor/phpunit/phpunit/src/Framework/TestRunner/TestRunner.php(87): PHPUnit/Framework/TestCase->runBare()
#7 C:/Users/Administrator/Documents/BRIN/Project Apps/DSJS/backend/vendor/phpunit/phpunit/src/Framework/TestCase.php(365): PHPUnit/Framework/TestRunner->run(Object(Tests/Feature/AdminSecurityRegressionTest))
#8 C:/Users/Administrator/Documents/BRIN/Project Apps/DSJS/backend/vendor/phpunit/phpunit/src/Framework/TestSuite.php(369): PHPUnit/Framework/TestCase->run()
#9 C:/Users/Administrator/Documents/BRIN/Project Apps/DSJS/backend/vendor/phpunit/phpunit/src/Framework/TestSuite.php(369): PHPUnit/Framework/TestSuite->run()
#10 C:/Users/Administrator/Documents/BRIN/Project Apps/DSJS/backend/vendor/phpunit/phpunit/src/Framework/TestSuite.php(369): PHPUnit/Framework/TestSuite->run()
#11 C:/Users/Administrator/Documents/BRIN/Project Apps/DSJS/backend/vendor/phpunit/phpunit/src/TextUI/TestRunner.php(64): PHPUnit/Framework/TestSuite->run()
#12 C:/Users/Administrator/Documents/BRIN/Project Apps/DSJS/backend/vendor/phpunit/phpunit/src/TextUI/Application.php(211): PHPUnit/TextUI/TestRunner->run(Object(PHPUnit/TextUI/Configuration/Configuration), Object(PHPUnit/Runner/ResultCache/DefaultResultCache), Object(PHPUnit/Framework/TestSuite))
#13 C:/Users/Administrator/Documents/BRIN/Project Apps/DSJS/backend/vendor/phpunit/phpunit/phpunit(104): PHPUnit/TextUI/Application->run(Array)
#14 {main}
"} 
[2026-09-14 04:37:32] testing.ERROR: Audit unavailable {"userId":1,"exception":"[object] (RuntimeException(code: 0): Audit unavailable at C:/Users/Administrator/Documents/BRIN/Project Apps/DSJS/backend/tests/Feature/AdminSecurityRegressionTest.php:59)
[stacktrace]
#0 C:/Users/Administrator/Documents/BRIN/Project Apps/DSJS/backend/vendor/mockery/mockery/library/Mockery/Container.php(421): Tests/Feature/AdminSecurityRegressionTest->Tests/Feature/{closure}(Object(Mockery_3_App_Services_AuditService))
#1 C:/Users/Administrator/Documents/BRIN/Project Apps/DSJS/backend/vendor/mockery/mockery/library/Mockery.php(477): Mockery/Container->mock('App//Services//Au...', Object(Closure))
#2 C:/Users/Administrator/Documents/BRIN/Project Apps/DSJS/backend/vendor/laravel/framework/src/Illuminate/Foundation/Testing/Concerns/InteractsWithContainer.php(77): Mockery::mock('App//Services//Au...', Object(Closure))
#3 C:/Users/Administrator/Documents/BRIN/Project Apps/DSJS/backend/tests/Feature/AdminSecurityRegressionTest.php(58): Illuminate/Foundation/Testing/TestCase->mock('App//Services//Au...', Object(Closure))
#4 C:/Users/Administrator/Documents/BRIN/Project Apps/DSJS/backend/vendor/phpunit/phpunit/src/Framework/TestCase.php(1667): Tests/Feature/AdminSecurityRegressionTest->test_user_update_rolls_back_when_audit_fails()
#5 C:/Users/Administrator/Documents/BRIN/Project Apps/DSJS/backend/vendor/phpunit/phpunit/src/Framework/TestCase.php(519): PHPUnit/Framework/TestCase->runTest()
#6 C:/Users/Administrator/Documents/BRIN/Project Apps/DSJS/backend/vendor/phpunit/phpunit/src/Framework/TestRunner/TestRunner.php(87): PHPUnit/Framework/TestCase->runBare()
#7 C:/Users/Administrator/Documents/BRIN/Project Apps/DSJS/backend/vendor/phpunit/phpunit/src/Framework/TestCase.php(365): PHPUnit/Framework/TestRunner->run(Object(Tests/Feature/AdminSecurityRegressionTest))
#8 C:/Users/Administrator/Documents/BRIN/Project Apps/DSJS/backend/vendor/phpunit/phpunit/src/Framework/TestSuite.php(369): PHPUnit/Framework/TestCase->run()
#9 C:/Users/Administrator/Documents/BRIN/Project Apps/DSJS/backend/vendor/phpunit/phpunit/src/Framework/TestSuite.php(369): PHPUnit/Framework/TestSuite->run()
#10 C:/Users/Administrator/Documents/BRIN/Project Apps/DSJS/backend/vendor/phpunit/phpunit/src/Framework/TestSuite.php(369): PHPUnit/Framework/TestSuite->run()
#11 C:/Users/Administrator/Documents/BRIN/Project Apps/DSJS/backend/vendor/phpunit/phpunit/src/TextUI/TestRunner.php(64): PHPUnit/Framework/TestSuite->run()
#12 C:/Users/Administrator/Documents/BRIN/Project Apps/DSJS/backend/vendor/phpunit/phpunit/src/TextUI/Application.php(211): PHPUnit/TextUI/TestRunner->run(Object(PHPUnit/TextUI/Configuration/Configuration), Object(PHPUnit/Runner/ResultCache/DefaultResultCache), Object(PHPUnit/Framework/TestSuite))
#13 C:/Users/Administrator/Documents/BRIN/Project Apps/DSJS/backend/vendor/phpunit/phpunit/phpunit(104): PHPUnit/TextUI/Application->run(Array)
#14 {main}
"} 
[2026-09-14 04:37:32] testing.ERROR: Audit unavailable {"userId":1,"exception":"[object] (RuntimeException(code: 0): Audit unavailable at C:/Users/Administrator/Documents/BRIN/Project Apps/DSJS/backend/tests/Feature/AdminSecurityRegressionTest.php:59)
[stacktrace]
#0 C:/Users/Administrator/Documents/BRIN/Project Apps/DSJS/backend/vendor/mockery/mockery/library/Mockery/Container.php(421): Tests/Feature/AdminSecurityRegressionTest->Tests/Feature/{closure}(Object(Mockery_3_App_Services_AuditService))
#1 C:/Users/Administrator/Documents/BRIN/Project Apps/DSJS/backend/vendor/mockery/mockery/library/Mockery.php(477): Mockery/Container->mock('App//Services//Au...', Object(Closure))
#2 C:/Users/Administrator/Documents/BRIN/Project Apps/DSJS/backend/vendor/laravel/framework/src/Illuminate/Foundation/Testing/Concerns/InteractsWithContainer.php(77): Mockery::mock('App//Services//Au...', Object(Closure))
#3 C:/Users/Administrator/Documents/BRIN/Project Apps/DSJS/backend/tests/Feature/AdminSecurityRegressionTest.php(58): Illuminate/Foundation/Testing/TestCase->mock('App//Services//Au...', Object(Closure))
#4 C:/Users/Administrator/Documents/BRIN/Project Apps/DSJS/backend/vendor/phpunit/phpunit/src/Framework/TestCase.php(1667): Tests/Feature/AdminSecurityRegressionTest->test_user_update_rolls_back_when_audit_fails()
#5 C:/Users/Administrator/Documents/BRIN/Project Apps/DSJS/backend/vendor/phpunit/phpunit/src/Framework/TestCase.php(519): PHPUnit/Framework/TestCase->runTest()
#6 C:/Users/Administrator/Documents/BRIN/Project Apps/DSJS/backend/vendor/phpunit/phpunit/src/Framework/TestRunner/TestRunner.php(87): PHPUnit/Framework/TestCase->runBare()
#7 C:/Users/Administrator/Documents/BRIN/Project Apps/DSJS/backend/vendor/phpunit/phpunit/src/Framework/TestCase.php(365): PHPUnit/Framework/TestRunner->run(Object(Tests/Feature/AdminSecurityRegressionTest))
#8 C:/Users/Administrator/Documents/BRIN/Project Apps/DSJS/backend/vendor/phpunit/phpunit/src/Framework/TestSuite.php(369): PHPUnit/Framework/TestCase->run()
#9 C:/Users/Administrator/Documents/BRIN/Project Apps/DSJS/backend/vendor/phpunit/phpunit/src/Framework/TestSuite.php(369): PHPUnit/Framework/TestSuite->run()
#10 C:/Users/Administrator/Documents/BRIN/Project Apps/DSJS/backend/vendor/phpunit/phpunit/src/Framework/TestSuite.php(369): PHPUnit/Framework/TestSuite->run()
#11 C:/Users/Administrator/Documents/BRIN/Project Apps/DSJS/backend/vendor/phpunit/phpunit/src/TextUI/TestRunner.php(64): PHPUnit/Framework/TestSuite->run()
#12 C:/Users/Administrator/Documents/BRIN/Project Apps/DSJS/backend/vendor/phpunit/phpunit/src/TextUI/Application.php(211): PHPUnit/TextUI/TestRunner->run(Object(PHPUnit/TextUI/Configuration/Configuration), Object(PHPUnit/Runner/ResultCache/DefaultResultCache), Object(PHPUnit/Framework/TestSuite))
#13 C:/Users/Administrator/Documents/BRIN/Project Apps/DSJS/backend/vendor/phpunit/phpunit/phpunit(104): PHPUnit/TextUI/Application->run(Array)
#14 {main}
"} 
