
   PASS  Tests\Feature\AuthSecurityTest
  ✓ reset password otp cannot be exchanged for login token                                                                                              0.88s  
  ✓ registration otp verifies email and issues limited token                                                                                            0.73s  
  ✓ inactive account cannot login                                                                                                                       0.49s  
  ✓ resend response does not enumerate accounts or cooldown                                                                                             0.55s  

  Tests:    4 passed (13 assertions)
  Duration: 2.79s

